// Jest Snapshot v1, https://goo.gl/fbAQLP

exports[`Button should have valid snapshot 1`] = `
<button
  className=""
  type="button"
>
  Do Somethings
</button>
`;
